// Jest Snapshot v1, https://goo.gl/fbAQLP

exports[`Drawer opens after click 1`] = `
<td
  className=""
  onClick={[Function]}
>
  <p
    className="input"
  >
    
  </p>
  <div
    className="dropdown  true"
    style={
      Object {
        "width": "0px",
      }
    }
  >
    <ul>
       
      <li
        onClick={[Function]}
      >
        <p
          style={
            Object {
              "width": "100%",
            }
          }
        >
          пусто
        </p>
      </li>
      <li>
        <p
          onClick={[Function]}
        >
          .
        </p>
        <p
          onClick={[Function]}
        >
          2
        </p>
      </li>
      <li>
        <p
          onClick={[Function]}
        >
          3
        </p>
        <p
          onClick={[Function]}
        >
          4-
        </p>
      </li>
      <li>
        <p
          onClick={[Function]}
        >
          4
        </p>
        <p
          onClick={[Function]}
        >
          4+
        </p>
      </li>
      <li>
        <p
          onClick={[Function]}
        >
          5-
        </p>
        <p
          onClick={[Function]}
        >
          5
        </p>
      </li>
      <li>
        <p
          onClick={[Function]}
        >
          5+
        </p>
        <p
          onClick={[Function]}
        >
          Б
        </p>
      </li>
    </ul>
  </div>
</td>
`;
